jde\parser\syntaxtree\ExclusiveOrExpression.class
jde\parser\syntaxtree\PrimaryExpression.class
jde\parser\visitor\FormatCommand.class
jde\wizards\MethodFactory.class
jde\juci\ConnectionImpl$Invocation.class
jde\parser\syntaxtree\CastLookahead.class
jde\parser\syntaxtree\NodeToken.class
jde\juci\Logger.class
jde\parser\syntaxtree\Type.class
jde\parser\syntaxtree\AllocationExpression.class
jde\util\ClassPathZip.class
jde\juci\Logger$Level.class
jde\parser\syntaxtree\NodeList.class
jde\wizards\DefaultNameFactory.class
jde\parser\syntaxtree\AndExpression.class
jde\parser\syntaxtree\ImportDeclaration.class
jde\util\ClassList.class
jde\parser\syntaxtree\TryStatement.class
jde\parser\syntaxtree\FieldDeclaration.class
jde\parser\ASCII_UCodeESC_CharStream.class
jde\parser\syntaxtree\ForStatement.class
jde\parser\syntaxtree\MethodDeclaration.class
jde\juci\ConnectionImpl$1.class
jde\parser\syntaxtree\VariableDeclarator.class
jde\parser\syntaxtree\PrimaryPrefix.class
jde\wizards\MethodOverrideFactory.class
jde\util\JDESecurityManager.class
jde\parser\visitor\DepthFirstVisitor.class
jde\parser\ParseException.class
jde\parser\syntaxtree\Arguments.class
jde\parser\syntaxtree\ForUpdate.class
jde\parser\syntaxtree\PostfixExpression.class
jde\parser\syntaxtree\NodeSequence.class
jde\parser\JavaParser.class
jde\parser\syntaxtree\InclusiveOrExpression.class
jde\parser\syntaxtree\NestedInterfaceDeclaration.class
jde\parser\syntaxtree\PreIncrementExpression.class
jde\parser\syntaxtree\SwitchStatement.class
jde\wizards\NameFactory.class
jde\parser\syntaxtree\UnaryExpressionNotPlusMinus.class
jde\parser\syntaxtree\InterfaceDeclaration.class
jde\parser\syntaxtree\Initializer.class
jde\util\JdeUtilities.class
jde\parser\syntaxtree\StatementExpression.class
jde\parser\syntaxtree\EqualityExpression.class
jde\parser\syntaxtree\AdditiveExpression.class
jde\parser\syntaxtree\BlockStatement.class
jde\wizards\DelegateFactory.class
jde\parser\syntaxtree\BooleanLiteral.class
jde\parser\syntaxtree\ContinueStatement.class
jde\util\DynamicClassLoader.class
jde\juci\ConnectionImpl$ReflectionInvocation.class
jde\parser\syntaxtree\LocalVariableDeclaration.class
jde\wizards\EventSourceFactory$1.class
jde\wizards\InterfaceFactory$1.class
jde\parser\syntaxtree\PreDecrementExpression.class
jde\juci\ConnectionImpl$ExceptionResult.class
jde\parser\syntaxtree\ReturnStatement.class
jde\wizards\ClassRegistry.class
jde\parser\syntaxtree\NodeListOptional.class
jde\wizards\NotAnInterfaceException.class
jde\parser\JTBToolkit.class
jde\parser\syntaxtree\SynchronizedStatement.class
jde\parser\ParserMain.class
jde\parser\syntaxtree\AssignmentOperator.class
jde\parser\syntaxtree\Block.class
jde\parser\syntaxtree\Statement.class
jde\parser\syntaxtree\ResultType.class
jde\wizards\AbstractClassFactory.class
jde\parser\syntaxtree\ArgumentList.class
jde\parser\syntaxtree\NullLiteral.class
jde\parser\JavaParser$JJCalls.class
jde\wizards\DelegateFactory$1.class
jde\util\ImmutableClassPathEntry.class
jde\parser\syntaxtree\UnaryExpression.class
jde\parser\syntaxtree\PrimitiveType.class
jde\parser\syntaxtree\MultiplicativeExpression.class
jde\parser\syntaxtree\ExplicitConstructorInvocation.class
jde\parser\syntaxtree\DoStatement.class
jde\parser\syntaxtree\StatementExpressionList.class
jde\parser\syntaxtree\ConditionalOrExpression.class
jde\parser\visitor\GetVariables.class
jde\juci\WrappedRuntimeException.class
jde\juci\ConnectionUnavailableException.class
jde\parser\syntaxtree\Expression.class
jde\juci\LispWriter.class
jde\wizards\InterfaceFactory.class
jde\parser\syntaxtree\CompilationUnit.class
jde\juci\ConnectionImpl.class
jde\parser\syntaxtree\ThrowStatement.class
jde\parser\syntaxtree\TypeDeclaration.class
jde\parser\syntaxtree\VariableDeclaratorId.class
jde\parser\visitor\TreeFormatter.class
jde\parser\syntaxtree\ClassBodyDeclaration.class
jde\parser\syntaxtree\ConditionalExpression.class
jde\parser\syntaxtree\VariableInitializer.class
jde\util\AntServer.class
jde\parser\syntaxtree\BreakStatement.class
jde\juci\NoMoreResultsException.class
jde\parser\visitor\Visitor.class
jde\util\ClassInfo.class
jde\wizards\SignatureContainer.class
jde\juci\Connection.class
jde\juci\ConnectionImpl$ThreadedInvoker.class
jde\parser\syntaxtree\ShiftExpression.class
jde\juci\Symbol.class
jde\parser\syntaxtree\MethodDeclarationLookahead.class
jde\parser\syntaxtree\Node.class
jde\parser\TokenMgrError.class
jde\util\ClassPathDir.class
jde\parser\JavaParserTokenManager.class
jde\parser\syntaxtree\ClassDeclaration.class
jde\parser\syntaxtree\ForInit.class
jde\juci\Logger$1.class
jde\parser\syntaxtree\UnmodifiedInterfaceDeclaration.class
jde\parser\syntaxtree\ConstructorDeclaration.class
jde\parser\syntaxtree\UnmodifiedClassDeclaration.class
jde\juci\ConnectionFactory.class
jde\parser\syntaxtree\Name.class
jde\parser\syntaxtree\PrimarySuffix.class
jde\parser\syntaxtree\NameList.class
jde\parser\syntaxtree\NestedClassDeclaration.class
jde\parser\syntaxtree\MethodDeclarator.class
jde\parser\JavaParserConstants.class
jde\parser\syntaxtree\LabeledStatement.class
jde\util\ClassPathEntry.class
jde\wizards\EventSourceFactory.class
jde\parser\syntaxtree\NodeChoice.class
jde\util\Completion.class
jde\parser\syntaxtree\RelationalExpression.class
jde\juci\Cons.class
jde\juci\ElispError.class
jde\wizards\Signature.class
jde\parser\syntaxtree\FormalParameter.class
jde\parser\syntaxtree\CastExpression.class
jde\parser\visitor\TreeDumper.class
jde\parser\visitor\TreeFormatterException.class
jde\parser\syntaxtree\ConditionalAndExpression.class
jde\util\CompileServer.class
jde\util\ProjectClasses.class
jde\parser\syntaxtree\ClassBody.class
jde\parser\syntaxtree\NodeListInterface.class
jde\parser\syntaxtree\InstanceOfExpression.class
jde\parser\syntaxtree\IfStatement.class
jde\util\MultiValueMap.class
jde\wizards\NotAnAbstractClassException.class
jde\parser\syntaxtree\FormalParameters.class
jde\parser\syntaxtree\ArrayDimsAndInits.class
jde\parser\syntaxtree\PackageDeclaration.class
jde\juci\ConnectionImpl$BshInvocation.class
jde\parser\syntaxtree\NodeOptional.class
jde\juci\Quoted.class
jde\parser\syntaxtree\EmptyStatement.class
jde\parser\syntaxtree\SwitchLabel.class
jde\parser\Token.class
jde\parser\syntaxtree\Literal.class
jde\wizards\SignatureVisitor.class
jde\parser\visitor\GetVariablesVisitor.class
jde\parser\syntaxtree\InterfaceMemberDeclaration.class
jde\parser\syntaxtree\ArrayInitializer.class
jde\parser\syntaxtree\WhileStatement.class
jde\wizards\ImportWizard.class
