C:\Users\afons\Desktop\jdee-server\src\main\java\jde\parser\syntaxtree\FormalParameter.java
C:\Users\afons\Desktop\jdee-server\src\main\java\jde\parser\syntaxtree\Name.java
C:\Users\afons\Desktop\jdee-server\src\main\java\jde\parser\syntaxtree\NodeListInterface.java
C:\Users\afons\Desktop\jdee-server\src\main\java\jde\parser\syntaxtree\NullLiteral.java
C:\Users\afons\Desktop\jdee-server\src\main\java\jde\parser\syntaxtree\UnmodifiedClassDeclaration.java
C:\Users\afons\Desktop\jdee-server\src\main\java\jde\wizards\NameFactory.java
C:\Users\afons\Desktop\jdee-server\src\main\java\jde\parser\syntaxtree\ReturnStatement.java
C:\Users\afons\Desktop\jdee-server\src\main\java\jde\parser\syntaxtree\ArgumentList.java
C:\Users\afons\Desktop\jdee-server\src\main\java\jde\parser\syntaxtree\PrimaryExpression.java
C:\Users\afons\Desktop\jdee-server\src\main\java\jde\parser\syntaxtree\PrimarySuffix.java
C:\Users\afons\Desktop\jdee-server\src\main\java\jde\parser\syntaxtree\Expression.java
C:\Users\afons\Desktop\jdee-server\src\main\java\jde\parser\syntaxtree\SwitchStatement.java
C:\Users\afons\Desktop\jdee-server\src\main\java\jde\util\AntServer.java
C:\Users\afons\Desktop\jdee-server\src\main\java\jde\parser\syntaxtree\ArrayDimsAndInits.java
C:\Users\afons\Desktop\jdee-server\src\main\java\jde\wizards\EventSourceFactory.java
C:\Users\afons\Desktop\jdee-server\src\main\java\jde\parser\syntaxtree\ClassBodyDeclaration.java
C:\Users\afons\Desktop\jdee-server\src\main\java\jde\juci\ElispError.java
C:\Users\afons\Desktop\jdee-server\src\main\java\jde\parser\syntaxtree\TryStatement.java
C:\Users\afons\Desktop\jdee-server\src\main\java\jde\parser\syntaxtree\BreakStatement.java
C:\Users\afons\Desktop\jdee-server\src\main\java\jde\parser\visitor\TreeFormatter.java
C:\Users\afons\Desktop\jdee-server\src\main\java\jde\parser\syntaxtree\EqualityExpression.java
C:\Users\afons\Desktop\jdee-server\src\main\java\jde\wizards\Signature.java
C:\Users\afons\Desktop\jdee-server\src\main\java\jde\parser\syntaxtree\ConditionalAndExpression.java
C:\Users\afons\Desktop\jdee-server\src\main\java\jde\parser\syntaxtree\ArrayInitializer.java
C:\Users\afons\Desktop\jdee-server\src\main\java\jde\parser\syntaxtree\MethodDeclarationLookahead.java
C:\Users\afons\Desktop\jdee-server\src\main\java\jde\wizards\InterfaceFactory.java
C:\Users\afons\Desktop\jdee-server\src\main\java\jde\juci\NoMoreResultsException.java
C:\Users\afons\Desktop\jdee-server\src\main\java\jde\parser\syntaxtree\NodeList.java
C:\Users\afons\Desktop\jdee-server\src\main\java\jde\util\ClassList.java
C:\Users\afons\Desktop\jdee-server\src\main\java\jde\parser\syntaxtree\ExplicitConstructorInvocation.java
C:\Users\afons\Desktop\jdee-server\src\main\java\jde\parser\syntaxtree\UnaryExpressionNotPlusMinus.java
C:\Users\afons\Desktop\jdee-server\src\main\java\jde\parser\syntaxtree\ConditionalOrExpression.java
C:\Users\afons\Desktop\jdee-server\src\main\java\jde\parser\syntaxtree\Literal.java
C:\Users\afons\Desktop\jdee-server\src\main\java\jde\parser\syntaxtree\NodeSequence.java
C:\Users\afons\Desktop\jdee-server\src\main\java\jde\util\JdeUtilities.java
C:\Users\afons\Desktop\jdee-server\src\main\java\jde\parser\syntaxtree\SwitchLabel.java
C:\Users\afons\Desktop\jdee-server\src\main\java\jde\util\ClassPathDir.java
C:\Users\afons\Desktop\jdee-server\src\main\java\jde\juci\Quoted.java
C:\Users\afons\Desktop\jdee-server\src\main\java\jde\juci\WrappedRuntimeException.java
C:\Users\afons\Desktop\jdee-server\src\main\java\jde\parser\syntaxtree\MethodDeclaration.java
C:\Users\afons\Desktop\jdee-server\src\main\java\jde\parser\syntaxtree\NodeListOptional.java
C:\Users\afons\Desktop\jdee-server\src\main\java\jde\parser\syntaxtree\BooleanLiteral.java
C:\Users\afons\Desktop\jdee-server\src\main\java\jde\parser\syntaxtree\ExclusiveOrExpression.java
C:\Users\afons\Desktop\jdee-server\src\main\java\jde\parser\syntaxtree\BlockStatement.java
C:\Users\afons\Desktop\jdee-server\src\main\java\jde\parser\syntaxtree\ShiftExpression.java
C:\Users\afons\Desktop\jdee-server\src\main\java\jde\wizards\AbstractClassFactory.java
C:\Users\afons\Desktop\jdee-server\src\main\java\jde\util\DynamicClassLoader.java
C:\Users\afons\Desktop\jdee-server\src\main\java\jde\juci\ConnectionUnavailableException.java
C:\Users\afons\Desktop\jdee-server\src\main\java\jde\parser\syntaxtree\Statement.java
C:\Users\afons\Desktop\jdee-server\src\main\java\jde\parser\JavaParserConstants.java
C:\Users\afons\Desktop\jdee-server\src\main\java\jde\parser\syntaxtree\Type.java
C:\Users\afons\Desktop\jdee-server\src\main\java\jde\parser\syntaxtree\DoStatement.java
C:\Users\afons\Desktop\jdee-server\src\main\java\jde\parser\syntaxtree\TypeDeclaration.java
C:\Users\afons\Desktop\jdee-server\src\main\java\jde\parser\ParserMain.java
C:\Users\afons\Desktop\jdee-server\src\main\java\jde\parser\syntaxtree\IfStatement.java
C:\Users\afons\Desktop\jdee-server\src\main\java\jde\parser\syntaxtree\WhileStatement.java
C:\Users\afons\Desktop\jdee-server\src\main\java\jde\parser\syntaxtree\Node.java
C:\Users\afons\Desktop\jdee-server\src\main\java\jde\util\MultiValueMap.java
C:\Users\afons\Desktop\jdee-server\src\main\java\jde\parser\syntaxtree\NodeChoice.java
C:\Users\afons\Desktop\jdee-server\src\main\java\jde\parser\syntaxtree\VariableDeclaratorId.java
C:\Users\afons\Desktop\jdee-server\src\main\java\jde\wizards\DefaultNameFactory.java
C:\Users\afons\Desktop\jdee-server\src\main\java\jde\parser\syntaxtree\PreIncrementExpression.java
C:\Users\afons\Desktop\jdee-server\src\main\java\jde\parser\syntaxtree\PrimitiveType.java
C:\Users\afons\Desktop\jdee-server\src\main\java\jde\parser\JavaParserTokenManager.java
C:\Users\afons\Desktop\jdee-server\src\main\java\jde\wizards\DelegateFactory.java
C:\Users\afons\Desktop\jdee-server\src\main\java\jde\wizards\ImportWizard.java
C:\Users\afons\Desktop\jdee-server\src\main\java\jde\parser\syntaxtree\ConditionalExpression.java
C:\Users\afons\Desktop\jdee-server\src\main\java\jde\wizards\ClassRegistry.java
C:\Users\afons\Desktop\jdee-server\src\main\java\jde\parser\syntaxtree\CompilationUnit.java
C:\Users\afons\Desktop\jdee-server\src\main\java\jde\parser\syntaxtree\NestedClassDeclaration.java
C:\Users\afons\Desktop\jdee-server\src\main\java\jde\parser\syntaxtree\CastLookahead.java
C:\Users\afons\Desktop\jdee-server\src\main\java\jde\parser\syntaxtree\SynchronizedStatement.java
C:\Users\afons\Desktop\jdee-server\src\main\java\jde\parser\visitor\GetVariables.java
C:\Users\afons\Desktop\jdee-server\src\main\java\jde\parser\syntaxtree\UnaryExpression.java
C:\Users\afons\Desktop\jdee-server\src\main\java\jde\parser\syntaxtree\LabeledStatement.java
C:\Users\afons\Desktop\jdee-server\src\main\java\jde\juci\Cons.java
C:\Users\afons\Desktop\jdee-server\src\main\java\jde\parser\syntaxtree\InclusiveOrExpression.java
C:\Users\afons\Desktop\jdee-server\src\main\java\jde\parser\syntaxtree\LocalVariableDeclaration.java
C:\Users\afons\Desktop\jdee-server\src\main\java\jde\parser\syntaxtree\AndExpression.java
C:\Users\afons\Desktop\jdee-server\src\main\java\jde\parser\syntaxtree\ClassDeclaration.java
C:\Users\afons\Desktop\jdee-server\src\main\java\jde\util\ClassInfo.java
C:\Users\afons\Desktop\jdee-server\src\main\java\jde\juci\ConnectionImpl.java
C:\Users\afons\Desktop\jdee-server\src\main\java\jde\wizards\SignatureVisitor.java
C:\Users\afons\Desktop\jdee-server\src\main\java\jde\parser\syntaxtree\ThrowStatement.java
C:\Users\afons\Desktop\jdee-server\src\main\java\jde\parser\syntaxtree\VariableDeclarator.java
C:\Users\afons\Desktop\jdee-server\src\main\java\jde\parser\syntaxtree\AdditiveExpression.java
C:\Users\afons\Desktop\jdee-server\src\main\java\jde\parser\syntaxtree\ConstructorDeclaration.java
C:\Users\afons\Desktop\jdee-server\src\main\java\jde\parser\visitor\GetVariablesVisitor.java
C:\Users\afons\Desktop\jdee-server\src\main\java\jde\parser\syntaxtree\AllocationExpression.java
C:\Users\afons\Desktop\jdee-server\src\main\java\jde\parser\syntaxtree\StatementExpression.java
C:\Users\afons\Desktop\jdee-server\src\main\java\jde\parser\ParseException.java
C:\Users\afons\Desktop\jdee-server\src\main\java\jde\parser\syntaxtree\ClassBody.java
C:\Users\afons\Desktop\jdee-server\src\main\java\jde\parser\syntaxtree\FieldDeclaration.java
C:\Users\afons\Desktop\jdee-server\src\main\java\jde\parser\syntaxtree\NodeToken.java
C:\Users\afons\Desktop\jdee-server\src\main\java\jde\parser\syntaxtree\FormalParameters.java
C:\Users\afons\Desktop\jdee-server\src\main\java\jde\parser\visitor\TreeDumper.java
C:\Users\afons\Desktop\jdee-server\src\main\java\jde\parser\syntaxtree\ForInit.java
C:\Users\afons\Desktop\jdee-server\src\main\java\jde\parser\syntaxtree\Initializer.java
C:\Users\afons\Desktop\jdee-server\src\main\java\jde\util\ProjectClasses.java
C:\Users\afons\Desktop\jdee-server\src\main\java\jde\parser\ASCII_UCodeESC_CharStream.java
C:\Users\afons\Desktop\jdee-server\src\main\java\jde\parser\syntaxtree\VariableInitializer.java
C:\Users\afons\Desktop\jdee-server\src\main\java\jde\parser\syntaxtree\ForUpdate.java
C:\Users\afons\Desktop\jdee-server\src\main\java\jde\parser\syntaxtree\InstanceOfExpression.java
C:\Users\afons\Desktop\jdee-server\src\main\java\jde\parser\syntaxtree\PackageDeclaration.java
C:\Users\afons\Desktop\jdee-server\src\main\java\jde\parser\JavaParser.java
C:\Users\afons\Desktop\jdee-server\src\main\java\jde\parser\syntaxtree\ImportDeclaration.java
C:\Users\afons\Desktop\jdee-server\src\main\java\jde\parser\syntaxtree\PostfixExpression.java
C:\Users\afons\Desktop\jdee-server\src\main\java\jde\util\JDESecurityManager.java
C:\Users\afons\Desktop\jdee-server\src\main\java\jde\parser\syntaxtree\UnmodifiedInterfaceDeclaration.java
C:\Users\afons\Desktop\jdee-server\src\main\java\jde\juci\Logger.java
C:\Users\afons\Desktop\jdee-server\src\main\java\jde\parser\syntaxtree\ResultType.java
C:\Users\afons\Desktop\jdee-server\src\main\java\jde\util\ImmutableClassPathEntry.java
C:\Users\afons\Desktop\jdee-server\src\main\java\jde\parser\syntaxtree\Block.java
C:\Users\afons\Desktop\jdee-server\src\main\java\jde\parser\visitor\Visitor.java
C:\Users\afons\Desktop\jdee-server\src\main\java\jde\juci\Symbol.java
C:\Users\afons\Desktop\jdee-server\src\main\java\jde\parser\syntaxtree\InterfaceDeclaration.java
C:\Users\afons\Desktop\jdee-server\src\main\java\jde\juci\Connection.java
C:\Users\afons\Desktop\jdee-server\src\main\java\jde\wizards\MethodFactory.java
C:\Users\afons\Desktop\jdee-server\src\main\java\jde\parser\syntaxtree\PreDecrementExpression.java
C:\Users\afons\Desktop\jdee-server\src\main\java\jde\parser\syntaxtree\RelationalExpression.java
C:\Users\afons\Desktop\jdee-server\src\main\java\jde\wizards\SignatureContainer.java
C:\Users\afons\Desktop\jdee-server\src\main\java\jde\juci\ConnectionFactory.java
C:\Users\afons\Desktop\jdee-server\src\main\java\jde\parser\syntaxtree\NodeOptional.java
C:\Users\afons\Desktop\jdee-server\src\main\java\jde\parser\syntaxtree\CastExpression.java
C:\Users\afons\Desktop\jdee-server\src\main\java\jde\util\CompileServer.java
C:\Users\afons\Desktop\jdee-server\src\main\java\jde\parser\syntaxtree\AssignmentOperator.java
C:\Users\afons\Desktop\jdee-server\src\main\java\jde\parser\visitor\DepthFirstVisitor.java
C:\Users\afons\Desktop\jdee-server\src\main\java\jde\util\Completion.java
C:\Users\afons\Desktop\jdee-server\src\main\java\jde\parser\syntaxtree\ContinueStatement.java
C:\Users\afons\Desktop\jdee-server\src\main\java\jde\parser\syntaxtree\PrimaryPrefix.java
C:\Users\afons\Desktop\jdee-server\src\main\java\jde\parser\syntaxtree\NameList.java
C:\Users\afons\Desktop\jdee-server\src\main\java\jde\parser\TokenMgrError.java
C:\Users\afons\Desktop\jdee-server\src\main\java\jde\wizards\MethodOverrideFactory.java
C:\Users\afons\Desktop\jdee-server\src\main\java\jde\parser\syntaxtree\NestedInterfaceDeclaration.java
C:\Users\afons\Desktop\jdee-server\src\main\java\jde\util\ClassPathZip.java
C:\Users\afons\Desktop\jdee-server\src\main\java\jde\parser\syntaxtree\InterfaceMemberDeclaration.java
C:\Users\afons\Desktop\jdee-server\src\main\java\jde\parser\syntaxtree\StatementExpressionList.java
C:\Users\afons\Desktop\jdee-server\src\main\java\jde\parser\Token.java
C:\Users\afons\Desktop\jdee-server\src\main\java\jde\parser\syntaxtree\ForStatement.java
C:\Users\afons\Desktop\jdee-server\src\main\java\jde\parser\syntaxtree\MultiplicativeExpression.java
C:\Users\afons\Desktop\jdee-server\src\main\java\jde\parser\syntaxtree\Arguments.java
C:\Users\afons\Desktop\jdee-server\src\main\java\jde\parser\syntaxtree\MethodDeclarator.java
C:\Users\afons\Desktop\jdee-server\src\main\java\jde\parser\syntaxtree\EmptyStatement.java
C:\Users\afons\Desktop\jdee-server\src\main\java\jde\juci\LispWriter.java
C:\Users\afons\Desktop\jdee-server\src\main\java\jde\util\ClassPathEntry.java
